../Core/Src/main.c:34:5:main	4
../Core/Src/main.c:96:6:SystemClock_Config	3
../Core/Src/main.c:137:9:calculate_crc	4
../Core/Src/main.c:150:6:LCD_Init	1
../Core/Src/main.c:167:6:LCD_SendNibble	1
../Core/Src/main.c:175:6:LCD_SendCommand	1
../Core/Src/main.c:181:6:LCD_SendData	1
../Core/Src/main.c:187:6:LCD_SendString	2
../Core/Src/main.c:193:6:LCD_SetCursor	2
../Core/Src/main.c:199:13:MX_GPIO_Init	1
../Core/Src/main.c:211:13:MX_CAN2_Init	2
../Core/Src/main.c:230:13:MX_I2C1_Init	2
../Core/Src/main.c:255:6:Error_Handler	1
