../Core/Src/main.c:34:5:main	112	static
../Core/Src/main.c:96:6:SystemClock_Config	88	static
../Core/Src/main.c:137:9:calculate_crc	24	static
../Core/Src/main.c:150:6:LCD_Init	8	static
../Core/Src/main.c:167:6:LCD_SendNibble	32	static
../Core/Src/main.c:175:6:LCD_SendCommand	16	static
../Core/Src/main.c:181:6:LCD_SendData	16	static
../Core/Src/main.c:187:6:LCD_SendString	16	static
../Core/Src/main.c:193:6:LCD_SetCursor	16	static
../Core/Src/main.c:199:13:MX_GPIO_Init	32	static
../Core/Src/main.c:211:13:MX_CAN2_Init	8	static
../Core/Src/main.c:230:13:MX_I2C1_Init	40	static
../Core/Src/main.c:255:6:Error_Handler	4	static,ignoring_inline_asm
